gunjan@gunjan-tm2:~$ rostopic list
/app_manager/incompatible_rapp_list
/app_manager/rapp_list
/app_manager/status
/capability_server/bonds
/capability_server/events
/cmd_vel_mux/active
/cmd_vel_mux/input/navi
/cmd_vel_mux/input/safety_controller
/cmd_vel_mux/input/teleop
/cmd_vel_mux/parameter_descriptions
/cmd_vel_mux/parameter_updates
/diagnostics
/diagnostics_agg
/diagnostics_toplevel_state
/gateway/force_update
/gateway/gateway_info
/info
/joint_states
/laptop_charge
/mobile_base/commands/velocity
/mobile_base/sensors/core
/mobile_base/sensors/imu_data
/mobile_base/sensors/imu_data_raw
/mobile_base_nodelet_manager/bond
/odom
/robot_pose_ekf/odom_combined
/rosout
/rosout_agg
/tf
/tf_static
/turtlebot_node/parameter_descriptions
/turtlebot_node/parameter_updates
/zeroconf/lost_connections
/zeroconf/new_connections
gunjan@gunjan-tm2:~$ rostopic info /mobile_base/sensors/core 
Type: create_node/TurtlebotSensorState

Publishers: 
 * /turtlebot_node (http://gunjan-tm2:54839/)

Subscribers: None


gunjan@gunjan-tm2:~$ rostopic info /mobile_base/sensors/imu_data
Type: sensor_msgs/Imu

Publishers: 
 * /turtlebot_node (http://gunjan-tm2:54839/)

Subscribers: 
 * /robot_pose_ekf (http://gunjan-tm2:53884/)


gunjan@gunjan-tm2:~$ rosmsg
rosmsg is a command-line tool for displaying information about ROS Message types.

Commands:
	rosmsg show	Show message description
	rosmsg list	List all messages
	rosmsg md5	Display message md5sum
	rosmsg package	List messages in a package
	rosmsg packages	List packages that contain messages

Type rosmsg <command> -h for more detailed usage

gunjan@gunjan-tm2:~$ rosmsg show create_node/TurtlebotSensorState 
uint8 OI_MODE_OFF=0
uint8 OI_MODE_PASSIVE=1
uint8 OI_MODE_SAFE=2
uint8 OI_MODE_FULL=3
uint8 REMOTE_LEFT=129
uint8 REMOTE_FORWARD=130
uint8 REMOTE_RIGHT=131
uint8 REMOTE_SPOT=132
uint8 REMOTE_MAX=133
uint8 REMOTE_SMALL=134
uint8 REMOTE_MEDIUM=135
uint8 REMOTE_LARGE=136
uint8 REMOTE_CLEAN=136
uint8 REMOTE_PAUSE=137
uint8 REMOTE_POWER=138
uint8 REMOTE_ARC_LEFT=139
uint8 REMOTE_ARC_RIGHT=140
uint8 REMOTE_DRIVE_STOP=141
uint8 REMOTE_SEND_ALL=142
uint8 REMOTE_SEEK_DOCK=143
uint8 REMOTE_RESERVED=240
uint8 REMOTE_FORCE_FIELD=242
uint8 REMOTE_GREEN_BUOY=244
uint8 REMOTE_GREEN_BUOY_AND_FORCE_FIELD=246
uint8 REMOTE_RED_BUOY=248
uint8 REMOTE_RED_BUOY_AND_FORCE_FIELD=250
uint8 REMOTE_RED_BUOY_AND_GREEN_BUOY=252
uint8 REMOTE_RED_BUOY_AND_GREEN_BUOY_AND_FORCE_FIELD=254
uint8 REMOTE_NONE=255
uint8 CHARGING_NOT_CHARGING=0
uint8 CHARGING_CHARGING_RECOVERY=1
uint8 CHARGING_CHARGING=2
uint8 CHARGING_TRICKLE_CHARGING=3
uint8 CHARGING_WAITING=4
uint8 CHARGING_CHARGING_ERROR=5
std_msgs/Header header
  uint32 seq
  time stamp
  string frame_id
uint8 bumps_wheeldrops
bool wall
bool cliff_left
bool cliff_front_left
bool cliff_front_right
bool cliff_right
bool virtual_wall
uint8 motor_overcurrents
uint8 dirt_detector_left
uint8 dirt_detector_right
uint8 remote_opcode
uint8 buttons
float64 distance
float64 angle
uint8 charging_state
uint16 voltage
int16 current
int8 temperature
uint16 charge
uint16 capacity
uint16 wall_signal
uint16 cliff_left_signal
uint16 cliff_front_left_signal
uint16 cliff_front_right_signal
uint16 cliff_right_signal
uint8 user_digital_outputs
uint8 user_digital_inputs
uint16 user_analog_input
uint8 charging_sources_available
uint8 oi_mode
uint8 song_number
bool song_playing
uint8 number_of_stream_packets
int32 requested_velocity
int32 requested_radius
int32 requested_right_velocity
int32 requested_left_velocity


gunjan@gunjan-tm2:~$ rostopic info /mobile_base/sensors/imu_data
Type: sensor_msgs/Imu

Publishers: 
 * /turtlebot_node (http://gunjan-tm2:54839/)

Subscribers: 
 * /robot_pose_ekf (http://gunjan-tm2:53884/)


gunjan@gunjan-tm2:~$ rosmsg show sensor_msgs/Imu
std_msgs/Header header
  uint32 seq
  time stamp
  string frame_id
geometry_msgs/Quaternion orientation
  float64 x
  float64 y
  float64 z
  float64 w
float64[9] orientation_covariance
geometry_msgs/Vector3 angular_velocity
  float64 x
  float64 y
  float64 z
float64[9] angular_velocity_covariance
geometry_msgs/Vector3 linear_acceleration
  float64 x
  float64 y
  float64 z
float64[9] linear_acceleration_covariance

gunjan@gunjan-tm2:~$ 

